   ▲ Next.js 15.2.4
   - Environments: .env

   Creating an optimized production build ...
<w> [webpack.cache.PackFileCacheStrategy] Caching failed for pack: Error: ENOENT: no such file or directory, open 'D:\gsoc\Perspective\frontend\.next\cache\webpack\server-production\0.pack_'
read ECONNRESET

Retrying 1/3...
read ECONNRESET

Retrying 1/3...
read ECONNRESET

Retrying 1/3...
read ECONNRESET

Retrying 1/3...
read ECONNRESET

Retrying 1/3...
read ECONNRESET

Retrying 1/3...
read ECONNRESET

Retrying 1/3...
read ECONNRESET

Retrying 1/3...
read ECONNRESET

Retrying 1/3...
read ECONNRESET

Retrying 1/3...
read ECONNRESET

Retrying 1/3...
read ECONNRESET

Retrying 1/3...
read ECONNRESET

Retrying 1/3...
read ECONNRESET

Retrying 1/3...
read ECONNRESET

Retrying 1/3...
read ECONNRESET

Retrying 1/3...
read ECONNRESET

Retrying 1/3...
read ECONNRESET

Retrying 1/3...
read ECONNRESET

Retrying 1/3...
read ECONNRESET

Retrying 1/3...
<w> [webpack.cache.PackFileCacheStrategy] Caching failed for pack: Error: ENOENT: no such file or directory, rename 'D:\gsoc\Perspective\frontend\.next\cache\webpack\client-production\0.pack_' -> 'D:\gsoc\Perspective\frontend\.next\cache\webpack\client-production\0.pack'
 ✓ Compiled successfully
   Skipping validation of types
   Skipping linting
   Collecting page data ...
[Error [PageNotFoundError]: Cannot find module for page: /analyze] {
  code: 'ENOENT'
}

> Build error occurred
[Error: Failed to collect page data for /analyze] { type: 'Error' }
