app/analyze/loading/page.tsx(210,19): error TS6133: 'isPending' is declared but its value is never read.
app/page.tsx(4,1): error TS6133: 'Link' is declared but its value is never read.
components/ui/calendar.tsx(66,20): error TS6133: 'props' is declared but its value is never read.
components/ui/calendar.tsx(67,21): error TS6133: 'props' is declared but its value is never read.
